libcpmtd.lib(xlocale.obj) : error LNK2019: 无法解析的外部符号 __calloc_dbg，函数 "public: void __thiscall std::ios_base::clear(int,bool)" (?clear@ios_base@std@@QAEXH_N@Z) 中引用了该符号
ygzymmkdrj last-aqua.obj : error LNK2001: 无法解析的外部符号 __calloc_dbg
libcpmtd.lib(_tolower.obj) : error LNK2001: 无法解析的外部符号 __calloc_dbg
libcpmtd.lib(locale.obj) : error LNK2001: 无法解析的外部符号 __calloc_dbg
libcpmtd.lib(wlocale.obj) : error LNK2001: 无法解析的外部符号 __calloc_dbg
libcpmtd.lib(xwcsxfrm.obj) : error LNK2001: 无法解析的外部符号 __free_dbg
libcpmtd.lib(StlCompareStringA.obj) : error LNK2001: 无法解析的外部符号 __free_dbg
libcpmtd.lib(locale.obj) : error LNK2001: 无法解析的外部符号 __free_dbg
libcpmtd.lib(StlLCMapStringA.obj) : error LNK2001: 无法解析的外部符号 __free_dbg
libcpmtd.lib(wlocale.obj) : error LNK2001: 无法解析的外部符号 __free_dbg
libcpmtd.lib(xlocale.obj) : error LNK2001: 无法解析的外部符号 __free_dbg
ygzymmkdrj last-aqua.obj : error LNK2001: 无法解析的外部符号 __free_dbg
libcpmtd.lib(locale0.obj) : error LNK2001: 无法解析的外部符号 __free_dbg
libcpmtd.lib(cin.obj) : error LNK2001: 无法解析的外部符号 __free_dbg
libcpmtd.lib(cout.obj) : error LNK2001: 无法解析的外部符号 __free_dbg
libcpmtd.lib(xwcsxfrm.obj) : error LNK2001: 无法解析的外部符号 __malloc_dbg
libcpmtd.lib(StlCompareStringA.obj) : error LNK2001: 无法解析的外部符号 __malloc_dbg
libcpmtd.lib(locale.obj) : error LNK2001: 无法解析的外部符号 __malloc_dbg
libcpmtd.lib(StlLCMapStringA.obj) : error LNK2001: 无法解析的外部符号 __malloc_dbg
libcpmtd.lib(wlocale.obj) : error LNK2001: 无法解析的外部符号 __malloc_dbg
libcpmtd.lib(xlocale.obj) : error LNK2001: 无法解析的外部符号 __malloc_dbg
ygzymmkdrj last-aqua.obj : error LNK2001: 无法解析的外部符号 __malloc_dbg
libcpmtd.lib(locale0.obj) : error LNK2001: 无法解析的外部符号 __malloc_dbg
libcpmtd.lib(cin.obj) : error LNK2001: 无法解析的外部符号 __malloc_dbg
libcpmtd.lib(cout.obj) : error LNK2001: 无法解析的外部符号 __malloc_dbg
libcpmtd.lib(wlocale.obj) : error LNK2001: 无法解析的外部符号 __CrtDbgReport
libcpmtd.lib(xlocale.obj) : error LNK2001: 无法解析的外部符号 __CrtDbgReport
ygzymmkdrj last-aqua.obj : error LNK2001: 无法解析的外部符号 __CrtDbgReport
libcpmtd.lib(cin.obj) : error LNK2001: 无法解析的外部符号 __CrtDbgReport
libcpmtd.lib(cout.obj) : error LNK2001: 无法解析的外部符号 __CrtDbgReport
libcpmtd.lib(locale.obj) : error LNK2001: 无法解析的外部符号 __CrtDbgReport
libcpmtd.lib(_tolower.obj) : error LNK2019: 无法解析的外部符号 __wcsdup_dbg，函数 __Getctype 中引用了该符号
libcpmtd.lib(xstrcoll.obj) : error LNK2001: 无法解析的外部符号 __wcsdup_dbg
libcpmtd.lib(locale.obj) : error LNK2019: 无法解析的外部符号 __realloc_dbg，函数 "private: static void __cdecl std::locale::_Locimp::_Locimp_Addfac(class std::locale::_Locimp *,class std::locale::facet *,unsigned int)" (?_Locimp_Addfac@_Locimp@locale@std@@CAXPAV123@PAVfacet@23@I@Z) 中引用了该符号
libcpmtd.lib(StlLCMapStringA.obj) : error LNK2019: 无法解析的外部符号 __CrtDbgReportW，函数 __freea_crt 中引用了该符号
libcpmtd.lib(xmbtowc.obj) : error LNK2001: 无法解析的外部符号 __CrtDbgReportW
libcpmtd.lib(StlCompareStringA.obj) : error LNK2001: 无法解析的外部符号 __CrtDbgReportW
C:\Users\AWEknl\Documents\Visual Studio 2022\Projects\AQUA 10\Debug\AQUA.exe : fatal error LNK1120: 7 个无法解析的外部命令
